------------------------------------------------------------
Timing Analyzer Summary
------------------------------------------------------------

Type  : Slow 1100mV 85C Model Setup 'clk'
Slack : -0.507
TNS   : -3.922

Type  : Slow 1100mV 85C Model Hold 'clk'
Slack : 0.675
TNS   : 0.000

Type  : Slow 1100mV 85C Model Minimum Pulse Width 'clk'
Slack : -0.394
TNS   : -9.296

Type  : Slow 1100mV 0C Model Setup 'clk'
Slack : -0.516
TNS   : -3.997

Type  : Slow 1100mV 0C Model Hold 'clk'
Slack : 0.725
TNS   : 0.000

Type  : Slow 1100mV 0C Model Minimum Pulse Width 'clk'
Slack : -0.394
TNS   : -9.820

Type  : Fast 1100mV 85C Model Setup 'clk'
Slack : 0.182
TNS   : 0.000

Type  : Fast 1100mV 85C Model Hold 'clk'
Slack : 0.322
TNS   : 0.000

Type  : Fast 1100mV 85C Model Minimum Pulse Width 'clk'
Slack : -0.079
TNS   : -1.004

Type  : Fast 1100mV 0C Model Setup 'clk'
Slack : 0.226
TNS   : 0.000

Type  : Fast 1100mV 0C Model Hold 'clk'
Slack : 0.308
TNS   : 0.000

Type  : Fast 1100mV 0C Model Minimum Pulse Width 'clk'
Slack : -0.077
TNS   : -1.100

------------------------------------------------------------
